2026-06-01 07:43:51 - vectorpy_vectorpy.logger - INFO - Starting token refresh scheduler... (api_client.py:160)
2026-06-01 07:57:52 - vectorpy_vectorpy.logger - INFO - Access token refreshed successfully. (api_client.py:136)
2026-06-01 08:11:53 - vectorpy_vectorpy.logger - INFO - Access token refreshed successfully. (api_client.py:136)
2026-06-01 08:25:53 - vectorpy_vectorpy.logger - INFO - Access token refreshed successfully. (api_client.py:136)
2026-06-01 08:39:54 - vectorpy_vectorpy.logger - INFO - Access token refreshed successfully. (api_client.py:136)
2026-06-01 08:53:56 - vectorpy_vectorpy.logger - INFO - Access token refreshed successfully. (api_client.py:136)
2026-06-01 09:07:57 - vectorpy_vectorpy.logger - INFO - Access token refreshed successfully. (api_client.py:136)
2026-06-01 09:21:57 - vectorpy_vectorpy.logger - INFO - Access token refreshed successfully. (api_client.py:136)
2026-06-01 09:35:58 - vectorpy_vectorpy.logger - INFO - Access token refreshed successfully. (api_client.py:136)
2026-06-01 09:49:59 - vectorpy_vectorpy.logger - INFO - Access token refreshed successfully. (api_client.py:136)
2026-06-01 10:04:00 - vectorpy_vectorpy.logger - INFO - Access token refreshed successfully. (api_client.py:136)
2026-06-01 10:18:01 - vectorpy_vectorpy.logger - INFO - Access token refreshed successfully. (api_client.py:136)
2026-06-01 10:32:02 - vectorpy_vectorpy.logger - INFO - Access token refreshed successfully. (api_client.py:136)
2026-06-01 11:23:32 - vectorpy_vectorpy.logger - INFO - Access token refreshed successfully. (api_client.py:136)
2026-06-01 11:37:33 - vectorpy_vectorpy.logger - INFO - Access token refreshed successfully. (api_client.py:136)
2026-06-01 11:51:34 - vectorpy_vectorpy.logger - INFO - Access token refreshed successfully. (api_client.py:136)
2026-06-01 12:05:35 - vectorpy_vectorpy.logger - INFO - Access token refreshed successfully. (api_client.py:136)
2026-06-01 12:19:36 - vectorpy_vectorpy.logger - INFO - Access token refreshed successfully. (api_client.py:136)
2026-06-01 12:33:37 - vectorpy_vectorpy.logger - INFO - Access token refreshed successfully. (api_client.py:136)
2026-06-01 12:47:38 - vectorpy_vectorpy.logger - INFO - Access token refreshed successfully. (api_client.py:136)
2026-06-01 13:01:39 - vectorpy_vectorpy.logger - INFO - Access token refreshed successfully. (api_client.py:136)
2026-06-01 13:15:40 - vectorpy_vectorpy.logger - INFO - Access token refreshed successfully. (api_client.py:136)
2026-06-01 13:29:42 - vectorpy_vectorpy.logger - INFO - Access token refreshed successfully. (api_client.py:136)
2026-06-01 13:43:43 - vectorpy_vectorpy.logger - INFO - Access token refreshed successfully. (api_client.py:136)
2026-06-01 13:57:45 - vectorpy_vectorpy.logger - INFO - Access token refreshed successfully. (api_client.py:136)
2026-06-01 14:11:46 - vectorpy_vectorpy.logger - INFO - Access token refreshed successfully. (api_client.py:136)
2026-06-01 14:25:47 - vectorpy_vectorpy.logger - INFO - Access token refreshed successfully. (api_client.py:136)
2026-06-01 14:39:48 - vectorpy_vectorpy.logger - INFO - Access token refreshed successfully. (api_client.py:136)
2026-06-01 14:53:50 - vectorpy_vectorpy.logger - INFO - Access token refreshed successfully. (api_client.py:136)
2026-06-01 15:07:51 - vectorpy_vectorpy.logger - INFO - Access token refreshed successfully. (api_client.py:136)
2026-06-01 15:21:52 - vectorpy_vectorpy.logger - INFO - Access token refreshed successfully. (api_client.py:136)
2026-06-01 15:35:54 - vectorpy_vectorpy.logger - INFO - Access token refreshed successfully. (api_client.py:136)
2026-06-01 15:49:56 - vectorpy_vectorpy.logger - INFO - Access token refreshed successfully. (api_client.py:136)
2026-06-01 16:03:58 - vectorpy_vectorpy.logger - INFO - Access token refreshed successfully. (api_client.py:136)
2026-06-01 16:17:59 - vectorpy_vectorpy.logger - INFO - Access token refreshed successfully. (api_client.py:136)
2026-06-01 16:32:00 - vectorpy_vectorpy.logger - INFO - Access token refreshed successfully. (api_client.py:136)
2026-06-01 16:46:01 - vectorpy_vectorpy.logger - INFO - Access token refreshed successfully. (api_client.py:136)
2026-06-01 17:00:02 - vectorpy_vectorpy.logger - ERROR - Failed to refresh access token: {
  "code" : "TOKEN_NOT_VALID",
  "hostName" : "50c8f647167f"
} (api_client.py:129)
2026-06-01 17:00:02 - vectorpy_vectorpy.logger - ERROR - Error refreshing access token (attempt 1/3): Token refresh failed (api_client.py:139)
2026-06-01 17:00:07 - vectorpy_vectorpy.logger - ERROR - Failed to refresh access token: {
  "code" : "TOKEN_NOT_VALID",
  "hostName" : "50c8f647167f"
} (api_client.py:129)
2026-06-01 17:00:07 - vectorpy_vectorpy.logger - ERROR - Error refreshing access token (attempt 2/3): Token refresh failed (api_client.py:139)
2026-06-01 17:00:12 - vectorpy_vectorpy.logger - ERROR - Failed to refresh access token: {
  "code" : "TOKEN_NOT_VALID",
  "hostName" : "50c8f647167f"
} (api_client.py:129)
2026-06-01 17:00:12 - vectorpy_vectorpy.logger - ERROR - Error refreshing access token (attempt 3/3): Token refresh failed (api_client.py:139)
2026-06-01 17:00:12 - vectorpy_vectorpy.logger - ERROR - Max retries reached. Could not refresh access token. (exceptions.py:8)
2026-06-01 17:00:12 - vectorpy_vectorpy.logger - ERROR - Error in token refresh loop: Max retries reached. Could not refresh access token. (exceptions.py:8)
