2026-05-27 12:31:58 - vectorpy_vectorpy.logger - INFO - Starting token refresh scheduler... (api_client.py:160)
2026-05-27 12:45:59 - vectorpy_vectorpy.logger - INFO - Access token refreshed successfully. (api_client.py:136)
2026-05-27 13:00:00 - vectorpy_vectorpy.logger - INFO - Access token refreshed successfully. (api_client.py:136)
2026-05-27 13:14:01 - vectorpy_vectorpy.logger - ERROR - Failed to refresh access token: {
  "code" : "TOKEN_NOT_VALID",
  "hostName" : "599971a5abf3"
} (api_client.py:129)
2026-05-27 13:14:01 - vectorpy_vectorpy.logger - ERROR - Error refreshing access token (attempt 1/3): Token refresh failed (api_client.py:139)
2026-05-27 13:14:06 - vectorpy_vectorpy.logger - ERROR - Failed to refresh access token: {
  "code" : "TOKEN_NOT_VALID",
  "hostName" : "599971a5abf3"
} (api_client.py:129)
2026-05-27 13:14:06 - vectorpy_vectorpy.logger - ERROR - Error refreshing access token (attempt 2/3): Token refresh failed (api_client.py:139)
2026-05-27 13:14:11 - vectorpy_vectorpy.logger - ERROR - Failed to refresh access token: {
  "code" : "TOKEN_NOT_VALID",
  "hostName" : "599971a5abf3"
} (api_client.py:129)
2026-05-27 13:14:11 - vectorpy_vectorpy.logger - ERROR - Error refreshing access token (attempt 3/3): Token refresh failed (api_client.py:139)
2026-05-27 13:14:11 - vectorpy_vectorpy.logger - ERROR - Max retries reached. Could not refresh access token. (exceptions.py:8)
2026-05-27 13:14:11 - vectorpy_vectorpy.logger - ERROR - Error in token refresh loop: Max retries reached. Could not refresh access token. (exceptions.py:8)
