2025-06-03 12:40:22 - vectorpy_vectorpy.logger - INFO - Starting token refresh scheduler... (api_client.py:160)
2025-06-03 12:54:23 - vectorpy_vectorpy.logger - INFO - Access token refreshed successfully. (api_client.py:136)
2025-06-03 13:08:24 - vectorpy_vectorpy.logger - INFO - Access token refreshed successfully. (api_client.py:136)
2025-06-03 13:22:25 - vectorpy_vectorpy.logger - INFO - Access token refreshed successfully. (api_client.py:136)
2025-06-03 13:36:25 - vectorpy_vectorpy.logger - ERROR - Failed to refresh access token: {
  "code" : "TOKEN_NOT_VALID",
  "message" : "refresh token is not valid",
  "hostName" : "11089ea0b584"
} (api_client.py:129)
2025-06-03 13:36:25 - vectorpy_vectorpy.logger - ERROR - Error refreshing access token (attempt 1/3): Token refresh failed (api_client.py:139)
2025-06-03 13:36:31 - vectorpy_vectorpy.logger - ERROR - Failed to refresh access token: {
  "code" : "TOKEN_NOT_VALID",
  "message" : "refresh token is not valid",
  "hostName" : "11089ea0b584"
} (api_client.py:129)
2025-06-03 13:36:31 - vectorpy_vectorpy.logger - ERROR - Error refreshing access token (attempt 2/3): Token refresh failed (api_client.py:139)
2025-06-03 13:36:36 - vectorpy_vectorpy.logger - ERROR - Failed to refresh access token: {
  "code" : "TOKEN_NOT_VALID",
  "message" : "refresh token is not valid",
  "hostName" : "11089ea0b584"
} (api_client.py:129)
2025-06-03 13:36:36 - vectorpy_vectorpy.logger - ERROR - Error refreshing access token (attempt 3/3): Token refresh failed (api_client.py:139)
2025-06-03 13:36:36 - vectorpy_vectorpy.logger - ERROR - Max retries reached. Could not refresh access token. (exceptions.py:8)
2025-06-03 13:36:36 - vectorpy_vectorpy.logger - ERROR - Error in token refresh loop: Max retries reached. Could not refresh access token. (exceptions.py:8)
