2025-08-21 14:49:33 - vectorpy_vectorpy.logger - INFO - Starting token refresh scheduler... (api_client.py:160)
2025-08-21 15:03:34 - vectorpy_vectorpy.logger - INFO - Access token refreshed successfully. (api_client.py:136)
2025-08-21 15:17:35 - vectorpy_vectorpy.logger - INFO - Access token refreshed successfully. (api_client.py:136)
2025-08-21 15:38:17 - vectorpy_vectorpy.logger - INFO - Access token refreshed successfully. (api_client.py:136)
2025-08-21 15:52:18 - vectorpy_vectorpy.logger - INFO - Access token refreshed successfully. (api_client.py:136)
2025-08-21 16:06:19 - vectorpy_vectorpy.logger - INFO - Access token refreshed successfully. (api_client.py:136)
2025-08-21 16:20:21 - vectorpy_vectorpy.logger - INFO - Access token refreshed successfully. (api_client.py:136)
2025-08-21 16:34:22 - vectorpy_vectorpy.logger - INFO - Access token refreshed successfully. (api_client.py:136)
2025-08-22 03:47:53 - vectorpy_vectorpy.logger - INFO - Access token refreshed successfully. (api_client.py:136)
2025-08-22 07:44:42 - vectorpy_vectorpy.logger - ERROR - Failed to refresh access token: {
  "code" : "TOKEN_NOT_VALID",
  "message" : "refresh token is not valid",
  "hostName" : "0ccce76fa106"
} (api_client.py:129)
2025-08-22 07:44:42 - vectorpy_vectorpy.logger - ERROR - Error refreshing access token (attempt 1/3): Token refresh failed (api_client.py:139)
2025-08-22 07:44:47 - vectorpy_vectorpy.logger - ERROR - Failed to refresh access token: {
  "code" : "TOKEN_NOT_VALID",
  "message" : "refresh token is not valid",
  "hostName" : "0ccce76fa106"
} (api_client.py:129)
2025-08-22 07:44:47 - vectorpy_vectorpy.logger - ERROR - Error refreshing access token (attempt 2/3): Token refresh failed (api_client.py:139)
2025-08-22 07:44:52 - vectorpy_vectorpy.logger - ERROR - Failed to refresh access token: {
  "code" : "TOKEN_NOT_VALID",
  "message" : "refresh token is not valid",
  "hostName" : "0ccce76fa106"
} (api_client.py:129)
2025-08-22 07:44:52 - vectorpy_vectorpy.logger - ERROR - Error refreshing access token (attempt 3/3): Token refresh failed (api_client.py:139)
2025-08-22 07:44:52 - vectorpy_vectorpy.logger - ERROR - Max retries reached. Could not refresh access token. (exceptions.py:8)
2025-08-22 07:44:52 - vectorpy_vectorpy.logger - ERROR - Error in token refresh loop: Max retries reached. Could not refresh access token. (exceptions.py:8)
