2025-09-03 13:27:20 - vectorpy_vectorpy.logger - INFO - Starting token refresh scheduler... (api_client.py:160)
2025-09-03 13:28:05 - vectorpy_vectorpy.logger - WARNING - The HTTP request failed with status code 401 with the following error: 401 Client Error:  for url: https://api.stage.vectoriousmed.com/mobile/v1/questionnaire. Verify it is expected. (__requests_wrapper.py:63)
2025-09-03 13:28:39 - vectorpy_vectorpy.logger - WARNING - The HTTP request failed with status code 401 with the following error: 401 Client Error:  for url: https://api.stage.vectoriousmed.com/mobile/v1/questionnaire. Verify it is expected. (__requests_wrapper.py:63)
2025-09-03 13:28:59 - vectorpy_vectorpy.logger - WARNING - The HTTP request failed with status code 401 with the following error: 401 Client Error:  for url: https://api.stage.vectoriousmed.com/mobile/v1/questionnaire. Verify it is expected. (__requests_wrapper.py:63)
2025-09-03 13:29:09 - vectorpy_vectorpy.logger - WARNING - The HTTP request failed with status code 401 with the following error: 401 Client Error:  for url: https://api.stage.vectoriousmed.com/mobile/v1/questionnaire. Verify it is expected. (__requests_wrapper.py:63)
2025-09-03 13:41:21 - vectorpy_vectorpy.logger - INFO - Access token refreshed successfully. (api_client.py:136)
2025-09-03 13:55:22 - vectorpy_vectorpy.logger - INFO - Access token refreshed successfully. (api_client.py:136)
2025-09-03 14:09:23 - vectorpy_vectorpy.logger - INFO - Access token refreshed successfully. (api_client.py:136)
2025-09-03 14:23:25 - vectorpy_vectorpy.logger - INFO - Access token refreshed successfully. (api_client.py:136)
2025-09-03 14:37:26 - vectorpy_vectorpy.logger - INFO - Access token refreshed successfully. (api_client.py:136)
2025-09-03 14:51:27 - vectorpy_vectorpy.logger - INFO - Access token refreshed successfully. (api_client.py:136)
2025-09-03 15:05:28 - vectorpy_vectorpy.logger - INFO - Access token refreshed successfully. (api_client.py:136)
2025-09-03 15:19:29 - vectorpy_vectorpy.logger - INFO - Access token refreshed successfully. (api_client.py:136)
2025-09-03 15:33:30 - vectorpy_vectorpy.logger - INFO - Access token refreshed successfully. (api_client.py:136)
2025-09-03 15:47:31 - vectorpy_vectorpy.logger - INFO - Access token refreshed successfully. (api_client.py:136)
2025-09-03 16:01:32 - vectorpy_vectorpy.logger - INFO - Access token refreshed successfully. (api_client.py:136)
2025-09-03 16:15:33 - vectorpy_vectorpy.logger - INFO - Access token refreshed successfully. (api_client.py:136)
2025-09-03 16:29:34 - vectorpy_vectorpy.logger - INFO - Access token refreshed successfully. (api_client.py:136)
2025-09-03 16:43:35 - vectorpy_vectorpy.logger - INFO - Access token refreshed successfully. (api_client.py:136)
2025-09-03 16:57:36 - vectorpy_vectorpy.logger - INFO - Access token refreshed successfully. (api_client.py:136)
2025-09-03 22:53:42 - vectorpy_vectorpy.logger - INFO - Access token refreshed successfully. (api_client.py:136)
2025-09-03 23:07:43 - vectorpy_vectorpy.logger - INFO - Access token refreshed successfully. (api_client.py:136)
2025-09-04 03:03:15 - vectorpy_vectorpy.logger - INFO - Access token refreshed successfully. (api_client.py:136)
2025-09-04 03:17:17 - vectorpy_vectorpy.logger - ERROR - Failed to refresh access token: {
  "code" : "TOKEN_NOT_VALID",
  "message" : "refresh token is not valid",
  "hostName" : "0ccce76fa106"
} (api_client.py:129)
2025-09-04 03:17:17 - vectorpy_vectorpy.logger - ERROR - Error refreshing access token (attempt 1/3): Token refresh failed (api_client.py:139)
2025-09-04 03:17:22 - vectorpy_vectorpy.logger - ERROR - Failed to refresh access token: {
  "code" : "TOKEN_NOT_VALID",
  "message" : "refresh token is not valid",
  "hostName" : "0ccce76fa106"
} (api_client.py:129)
2025-09-04 03:17:22 - vectorpy_vectorpy.logger - ERROR - Error refreshing access token (attempt 2/3): Token refresh failed (api_client.py:139)
2025-09-04 03:17:27 - vectorpy_vectorpy.logger - ERROR - Failed to refresh access token: {
  "code" : "TOKEN_NOT_VALID",
  "message" : "refresh token is not valid",
  "hostName" : "0ccce76fa106"
} (api_client.py:129)
2025-09-04 03:17:27 - vectorpy_vectorpy.logger - ERROR - Error refreshing access token (attempt 3/3): Token refresh failed (api_client.py:139)
2025-09-04 03:17:27 - vectorpy_vectorpy.logger - ERROR - Max retries reached. Could not refresh access token. (exceptions.py:8)
2025-09-04 03:17:27 - vectorpy_vectorpy.logger - ERROR - Error in token refresh loop: Max retries reached. Could not refresh access token. (exceptions.py:8)
