2025-11-27 18:47:55 - vectorpy_vectorpy.logger - INFO - Starting token refresh scheduler... (api_client.py:160)
2025-11-27 19:01:56 - vectorpy_vectorpy.logger - INFO - Access token refreshed successfully. (api_client.py:136)
2025-11-27 19:15:57 - vectorpy_vectorpy.logger - INFO - Access token refreshed successfully. (api_client.py:136)
2025-11-27 19:29:58 - vectorpy_vectorpy.logger - INFO - Access token refreshed successfully. (api_client.py:136)
2025-11-27 19:43:59 - vectorpy_vectorpy.logger - INFO - Access token refreshed successfully. (api_client.py:136)
2025-11-27 19:58:00 - vectorpy_vectorpy.logger - INFO - Access token refreshed successfully. (api_client.py:136)
2025-11-27 20:12:01 - vectorpy_vectorpy.logger - INFO - Access token refreshed successfully. (api_client.py:136)
2025-11-27 20:26:02 - vectorpy_vectorpy.logger - INFO - Access token refreshed successfully. (api_client.py:136)
2025-11-27 20:40:03 - vectorpy_vectorpy.logger - INFO - Access token refreshed successfully. (api_client.py:136)
2025-11-27 20:54:04 - vectorpy_vectorpy.logger - INFO - Access token refreshed successfully. (api_client.py:136)
2025-11-28 02:08:33 - vectorpy_vectorpy.logger - ERROR - Failed to refresh access token: {
  "code" : "TOKEN_NOT_VALID",
  "hostName" : "599971a5abf3"
} (api_client.py:129)
2025-11-28 02:08:33 - vectorpy_vectorpy.logger - ERROR - Error refreshing access token (attempt 1/3): Token refresh failed (api_client.py:139)
2025-11-28 02:08:39 - vectorpy_vectorpy.logger - ERROR - Failed to refresh access token: {
  "code" : "TOKEN_NOT_VALID",
  "hostName" : "599971a5abf3"
} (api_client.py:129)
2025-11-28 02:08:39 - vectorpy_vectorpy.logger - ERROR - Error refreshing access token (attempt 2/3): Token refresh failed (api_client.py:139)
2025-11-28 02:08:44 - vectorpy_vectorpy.logger - ERROR - Failed to refresh access token: {
  "code" : "TOKEN_NOT_VALID",
  "hostName" : "599971a5abf3"
} (api_client.py:129)
2025-11-28 02:08:44 - vectorpy_vectorpy.logger - ERROR - Error refreshing access token (attempt 3/3): Token refresh failed (api_client.py:139)
2025-11-28 02:08:44 - vectorpy_vectorpy.logger - ERROR - Max retries reached. Could not refresh access token. (exceptions.py:8)
2025-11-28 02:08:44 - vectorpy_vectorpy.logger - ERROR - Error in token refresh loop: Max retries reached. Could not refresh access token. (exceptions.py:8)
