2025-09-03 12:50:26 - vectorpy_vectorpy.logger - INFO - Starting token refresh scheduler... (api_client.py:160)
2025-09-03 12:50:40 - vectorpy_vectorpy.logger - WARNING - The HTTP request failed with status code 401 with the following error: 401 Client Error:  for url: https://api.stage.vectoriousmed.com/mobile/v1/questionnaire. Verify it is expected. (__requests_wrapper.py:63)
2025-09-03 12:54:36 - vectorpy_vectorpy.logger - WARNING - The HTTP request failed with status code 401 with the following error: 401 Client Error:  for url: https://api.stage.vectoriousmed.com/mobile/v1/questionnaire. Verify it is expected. (__requests_wrapper.py:63)
2025-09-03 12:55:07 - vectorpy_vectorpy.logger - WARNING - The HTTP request failed with status code 401 with the following error: 401 Client Error:  for url: https://api.stage.vectoriousmed.com/mobile/v1/questionnaire. Verify it is expected. (__requests_wrapper.py:63)
2025-09-03 12:55:27 - vectorpy_vectorpy.logger - WARNING - The HTTP request failed with status code 401 with the following error: 401 Client Error:  for url: https://api.stage.vectoriousmed.com/mobile/v1/questionnaire. Verify it is expected. (__requests_wrapper.py:63)
2025-09-03 12:57:49 - vectorpy_vectorpy.logger - WARNING - The HTTP request failed with status code 401 with the following error: 401 Client Error:  for url: https://api.stage.vectoriousmed.com/mobile/v1/questionnaire. Verify it is expected. (__requests_wrapper.py:63)
2025-09-03 12:58:04 - vectorpy_vectorpy.logger - WARNING - The HTTP request failed with status code 401 with the following error: 401 Client Error:  for url: https://api.stage.vectoriousmed.com/mobile/v1/questionnaire. Verify it is expected. (__requests_wrapper.py:63)
2025-09-03 12:58:14 - vectorpy_vectorpy.logger - WARNING - The HTTP request failed with status code 401 with the following error: 401 Client Error:  for url: https://api.stage.vectoriousmed.com/mobile/v1/questionnaire. Verify it is expected. (__requests_wrapper.py:63)
2025-09-03 12:58:29 - vectorpy_vectorpy.logger - WARNING - The HTTP request failed with status code 401 with the following error: 401 Client Error:  for url: https://api.stage.vectoriousmed.com/mobile/v1/questionnaire. Verify it is expected. (__requests_wrapper.py:63)
2025-09-03 12:58:41 - vectorpy_vectorpy.logger - WARNING - The HTTP request failed with status code 401 with the following error: 401 Client Error:  for url: https://api.stage.vectoriousmed.com/mobile/v1/questionnaire. Verify it is expected. (__requests_wrapper.py:63)
2025-09-03 13:04:27 - vectorpy_vectorpy.logger - ERROR - Failed to refresh access token: {
  "code" : "TOKEN_NOT_VALID",
  "message" : "refresh token is not valid",
  "hostName" : "0ccce76fa106"
} (api_client.py:129)
2025-09-03 13:04:27 - vectorpy_vectorpy.logger - ERROR - Error refreshing access token (attempt 1/3): Token refresh failed (api_client.py:139)
2025-09-03 13:04:33 - vectorpy_vectorpy.logger - ERROR - Failed to refresh access token: {
  "code" : "TOKEN_NOT_VALID",
  "message" : "refresh token is not valid",
  "hostName" : "0ccce76fa106"
} (api_client.py:129)
2025-09-03 13:04:33 - vectorpy_vectorpy.logger - ERROR - Error refreshing access token (attempt 2/3): Token refresh failed (api_client.py:139)
2025-09-03 13:04:38 - vectorpy_vectorpy.logger - ERROR - Failed to refresh access token: {
  "code" : "TOKEN_NOT_VALID",
  "message" : "refresh token is not valid",
  "hostName" : "0ccce76fa106"
} (api_client.py:129)
2025-09-03 13:04:38 - vectorpy_vectorpy.logger - ERROR - Error refreshing access token (attempt 3/3): Token refresh failed (api_client.py:139)
2025-09-03 13:04:38 - vectorpy_vectorpy.logger - ERROR - Max retries reached. Could not refresh access token. (exceptions.py:8)
2025-09-03 13:04:38 - vectorpy_vectorpy.logger - ERROR - Error in token refresh loop: Max retries reached. Could not refresh access token. (exceptions.py:8)
