2025-09-03 12:21:46 - vectorpy_vectorpy.logger - INFO - Starting token refresh scheduler... (api_client.py:160)
2025-09-03 12:21:55 - vectorpy_vectorpy.logger - WARNING - The HTTP request failed with status code 401 with the following error: 401 Client Error:  for url: https://api.stage.vectoriousmed.com/mobile/v1/questionnaire. Verify it is expected. (__requests_wrapper.py:63)
2025-09-03 12:35:49 - vectorpy_vectorpy.logger - INFO - Access token refreshed successfully. (api_client.py:136)
2025-09-03 12:49:40 - vectorpy_vectorpy.logger - WARNING - The HTTP request failed with status code 401 with the following error: 401 Client Error:  for url: https://api.stage.vectoriousmed.com/mobile/v1/questionnaire. Verify it is expected. (__requests_wrapper.py:63)
2025-09-03 12:49:49 - vectorpy_vectorpy.logger - ERROR - Failed to refresh access token: {
  "code" : "TOKEN_NOT_VALID",
  "message" : "refresh token is not valid",
  "hostName" : "0ccce76fa106"
} (api_client.py:129)
2025-09-03 12:49:49 - vectorpy_vectorpy.logger - ERROR - Error refreshing access token (attempt 1/3): Token refresh failed (api_client.py:139)
2025-09-03 12:49:54 - vectorpy_vectorpy.logger - ERROR - Failed to refresh access token: {
  "code" : "TOKEN_NOT_VALID",
  "message" : "refresh token is not valid",
  "hostName" : "0ccce76fa106"
} (api_client.py:129)
2025-09-03 12:49:54 - vectorpy_vectorpy.logger - ERROR - Error refreshing access token (attempt 2/3): Token refresh failed (api_client.py:139)
2025-09-03 12:50:00 - vectorpy_vectorpy.logger - ERROR - Failed to refresh access token: {
  "code" : "TOKEN_NOT_VALID",
  "message" : "refresh token is not valid",
  "hostName" : "0ccce76fa106"
} (api_client.py:129)
2025-09-03 12:50:00 - vectorpy_vectorpy.logger - ERROR - Error refreshing access token (attempt 3/3): Token refresh failed (api_client.py:139)
2025-09-03 12:50:00 - vectorpy_vectorpy.logger - ERROR - Max retries reached. Could not refresh access token. (exceptions.py:8)
2025-09-03 12:50:00 - vectorpy_vectorpy.logger - ERROR - Error in token refresh loop: Max retries reached. Could not refresh access token. (exceptions.py:8)
