2025-11-04 09:46:10 - vectorpy_vectorpy.logger - INFO - Starting token refresh scheduler... (api_client.py:160)
2025-11-04 09:46:25 - vectorpy_vectorpy.logger - ERROR - Request error occurred: HTTPSConnectionPool(host='api.stage.vectoriousmed.com', port=443): Max retries exceeded with url: /tenant/v1/patients/AMED-01-04/lap-status (Caused by ResponseError('too many 500 error responses')) (__requests_wrapper.py:112)
2025-11-04 09:48:08 - vectorpy_vectorpy.logger - ERROR - Request error occurred: HTTPSConnectionPool(host='api.stage.vectoriousmed.com', port=443): Max retries exceeded with url: /tenant/v1/patients/AMED-01-04/lap-status (Caused by ResponseError('too many 500 error responses')) (__requests_wrapper.py:112)
2025-11-04 10:00:11 - vectorpy_vectorpy.logger - INFO - Access token refreshed successfully. (api_client.py:136)
2025-11-04 10:14:12 - vectorpy_vectorpy.logger - INFO - Access token refreshed successfully. (api_client.py:136)
2025-11-04 10:28:12 - vectorpy_vectorpy.logger - INFO - Access token refreshed successfully. (api_client.py:136)
2025-11-04 10:42:13 - vectorpy_vectorpy.logger - INFO - Access token refreshed successfully. (api_client.py:136)
2025-11-04 10:50:36 - vectorpy_vectorpy.logger - ERROR - Request error occurred: HTTPSConnectionPool(host='api.stage.vectoriousmed.com', port=443): Max retries exceeded with url: /tenant/v1/patients/AMED-01-03/lap-status (Caused by ResponseError('too many 500 error responses')) (__requests_wrapper.py:112)
2025-11-04 10:56:14 - vectorpy_vectorpy.logger - INFO - Access token refreshed successfully. (api_client.py:136)
2025-11-04 11:10:14 - vectorpy_vectorpy.logger - INFO - Access token refreshed successfully. (api_client.py:136)
2025-11-04 11:24:15 - vectorpy_vectorpy.logger - INFO - Access token refreshed successfully. (api_client.py:136)
2025-11-04 11:38:16 - vectorpy_vectorpy.logger - INFO - Access token refreshed successfully. (api_client.py:136)
2025-11-04 11:52:17 - vectorpy_vectorpy.logger - INFO - Access token refreshed successfully. (api_client.py:136)
2025-11-04 12:06:18 - vectorpy_vectorpy.logger - INFO - Access token refreshed successfully. (api_client.py:136)
2025-11-04 12:20:20 - vectorpy_vectorpy.logger - INFO - Access token refreshed successfully. (api_client.py:136)
2025-11-04 12:34:21 - vectorpy_vectorpy.logger - INFO - Access token refreshed successfully. (api_client.py:136)
2025-11-04 12:48:22 - vectorpy_vectorpy.logger - INFO - Access token refreshed successfully. (api_client.py:136)
2025-11-04 13:02:23 - vectorpy_vectorpy.logger - INFO - Access token refreshed successfully. (api_client.py:136)
2025-11-04 13:16:24 - vectorpy_vectorpy.logger - INFO - Access token refreshed successfully. (api_client.py:136)
2025-11-04 13:30:25 - vectorpy_vectorpy.logger - INFO - Access token refreshed successfully. (api_client.py:136)
2025-11-04 13:44:26 - vectorpy_vectorpy.logger - INFO - Access token refreshed successfully. (api_client.py:136)
2025-11-04 13:58:26 - vectorpy_vectorpy.logger - INFO - Access token refreshed successfully. (api_client.py:136)
2025-11-04 14:12:27 - vectorpy_vectorpy.logger - ERROR - Failed to refresh access token: {
  "code" : "TOKEN_NOT_VALID",
  "message" : "refresh token is not valid",
  "hostName" : "5ed0e4bdcd8a"
} (api_client.py:129)
2025-11-04 14:12:27 - vectorpy_vectorpy.logger - ERROR - Error refreshing access token (attempt 1/3): Token refresh failed (api_client.py:139)
2025-11-04 14:12:33 - vectorpy_vectorpy.logger - ERROR - Failed to refresh access token: {
  "code" : "TOKEN_NOT_VALID",
  "message" : "refresh token is not valid",
  "hostName" : "5ed0e4bdcd8a"
} (api_client.py:129)
2025-11-04 14:12:33 - vectorpy_vectorpy.logger - ERROR - Error refreshing access token (attempt 2/3): Token refresh failed (api_client.py:139)
2025-11-04 14:12:38 - vectorpy_vectorpy.logger - ERROR - Failed to refresh access token: {
  "code" : "TOKEN_NOT_VALID",
  "message" : "refresh token is not valid",
  "hostName" : "5ed0e4bdcd8a"
} (api_client.py:129)
2025-11-04 14:12:38 - vectorpy_vectorpy.logger - ERROR - Error refreshing access token (attempt 3/3): Token refresh failed (api_client.py:139)
2025-11-04 14:12:38 - vectorpy_vectorpy.logger - ERROR - Max retries reached. Could not refresh access token. (exceptions.py:8)
2025-11-04 14:12:38 - vectorpy_vectorpy.logger - ERROR - Error in token refresh loop: Max retries reached. Could not refresh access token. (exceptions.py:8)
