2026-03-22 09:51:50 - vectorpy_vectorpy.logger - INFO - Starting token refresh scheduler... (api_client.py:160)
2026-03-22 10:05:51 - vectorpy_vectorpy.logger - INFO - Access token refreshed successfully. (api_client.py:136)
2026-03-22 10:19:52 - vectorpy_vectorpy.logger - INFO - Access token refreshed successfully. (api_client.py:136)
2026-03-22 10:33:52 - vectorpy_vectorpy.logger - INFO - Access token refreshed successfully. (api_client.py:136)
2026-03-22 10:47:53 - vectorpy_vectorpy.logger - INFO - Access token refreshed successfully. (api_client.py:136)
2026-03-22 11:01:54 - vectorpy_vectorpy.logger - INFO - Access token refreshed successfully. (api_client.py:136)
2026-03-22 11:15:55 - vectorpy_vectorpy.logger - INFO - Access token refreshed successfully. (api_client.py:136)
2026-03-22 11:29:56 - vectorpy_vectorpy.logger - INFO - Access token refreshed successfully. (api_client.py:136)
2026-03-22 11:43:57 - vectorpy_vectorpy.logger - INFO - Access token refreshed successfully. (api_client.py:136)
2026-03-22 11:57:58 - vectorpy_vectorpy.logger - INFO - Access token refreshed successfully. (api_client.py:136)
2026-03-22 12:11:59 - vectorpy_vectorpy.logger - INFO - Access token refreshed successfully. (api_client.py:136)
2026-03-22 12:26:00 - vectorpy_vectorpy.logger - INFO - Access token refreshed successfully. (api_client.py:136)
2026-03-22 12:40:01 - vectorpy_vectorpy.logger - INFO - Access token refreshed successfully. (api_client.py:136)
2026-03-22 12:54:02 - vectorpy_vectorpy.logger - INFO - Access token refreshed successfully. (api_client.py:136)
2026-03-22 13:08:03 - vectorpy_vectorpy.logger - INFO - Access token refreshed successfully. (api_client.py:136)
2026-03-22 13:22:04 - vectorpy_vectorpy.logger - INFO - Access token refreshed successfully. (api_client.py:136)
2026-03-22 13:36:05 - vectorpy_vectorpy.logger - INFO - Access token refreshed successfully. (api_client.py:136)
2026-03-22 13:50:06 - vectorpy_vectorpy.logger - INFO - Access token refreshed successfully. (api_client.py:136)
2026-03-22 14:04:07 - vectorpy_vectorpy.logger - INFO - Access token refreshed successfully. (api_client.py:136)
2026-03-22 14:18:08 - vectorpy_vectorpy.logger - INFO - Access token refreshed successfully. (api_client.py:136)
2026-03-22 14:32:09 - vectorpy_vectorpy.logger - INFO - Access token refreshed successfully. (api_client.py:136)
2026-03-22 14:46:10 - vectorpy_vectorpy.logger - INFO - Access token refreshed successfully. (api_client.py:136)
2026-03-22 15:00:11 - vectorpy_vectorpy.logger - INFO - Access token refreshed successfully. (api_client.py:136)
2026-03-22 15:14:11 - vectorpy_vectorpy.logger - INFO - Access token refreshed successfully. (api_client.py:136)
2026-03-22 15:28:12 - vectorpy_vectorpy.logger - INFO - Access token refreshed successfully. (api_client.py:136)
2026-03-22 15:42:14 - vectorpy_vectorpy.logger - INFO - Access token refreshed successfully. (api_client.py:136)
2026-03-22 15:56:15 - vectorpy_vectorpy.logger - INFO - Access token refreshed successfully. (api_client.py:136)
2026-03-22 16:10:16 - vectorpy_vectorpy.logger - INFO - Access token refreshed successfully. (api_client.py:136)
2026-03-22 16:24:17 - vectorpy_vectorpy.logger - INFO - Access token refreshed successfully. (api_client.py:136)
2026-03-22 16:38:17 - vectorpy_vectorpy.logger - INFO - Access token refreshed successfully. (api_client.py:136)
2026-03-22 16:52:18 - vectorpy_vectorpy.logger - INFO - Access token refreshed successfully. (api_client.py:136)
2026-03-22 17:06:19 - vectorpy_vectorpy.logger - INFO - Access token refreshed successfully. (api_client.py:136)
2026-03-22 17:20:20 - vectorpy_vectorpy.logger - INFO - Access token refreshed successfully. (api_client.py:136)
2026-03-22 17:34:21 - vectorpy_vectorpy.logger - INFO - Access token refreshed successfully. (api_client.py:136)
2026-03-22 17:48:22 - vectorpy_vectorpy.logger - INFO - Access token refreshed successfully. (api_client.py:136)
2026-03-22 18:02:23 - vectorpy_vectorpy.logger - INFO - Access token refreshed successfully. (api_client.py:136)
2026-03-22 18:16:24 - vectorpy_vectorpy.logger - INFO - Access token refreshed successfully. (api_client.py:136)
2026-03-22 18:30:25 - vectorpy_vectorpy.logger - INFO - Access token refreshed successfully. (api_client.py:136)
2026-03-22 18:44:26 - vectorpy_vectorpy.logger - INFO - Access token refreshed successfully. (api_client.py:136)
2026-03-22 18:58:27 - vectorpy_vectorpy.logger - INFO - Access token refreshed successfully. (api_client.py:136)
2026-03-22 19:12:28 - vectorpy_vectorpy.logger - INFO - Access token refreshed successfully. (api_client.py:136)
2026-03-22 19:26:29 - vectorpy_vectorpy.logger - INFO - Access token refreshed successfully. (api_client.py:136)
2026-03-22 19:40:30 - vectorpy_vectorpy.logger - INFO - Access token refreshed successfully. (api_client.py:136)
2026-03-22 19:54:31 - vectorpy_vectorpy.logger - INFO - Access token refreshed successfully. (api_client.py:136)
2026-03-22 20:08:32 - vectorpy_vectorpy.logger - INFO - Access token refreshed successfully. (api_client.py:136)
2026-03-22 20:22:32 - vectorpy_vectorpy.logger - INFO - Access token refreshed successfully. (api_client.py:136)
2026-03-22 20:36:33 - vectorpy_vectorpy.logger - INFO - Access token refreshed successfully. (api_client.py:136)
2026-03-22 20:50:34 - vectorpy_vectorpy.logger - INFO - Access token refreshed successfully. (api_client.py:136)
2026-03-22 21:04:35 - vectorpy_vectorpy.logger - INFO - Access token refreshed successfully. (api_client.py:136)
2026-03-22 21:18:36 - vectorpy_vectorpy.logger - INFO - Access token refreshed successfully. (api_client.py:136)
2026-03-22 21:32:37 - vectorpy_vectorpy.logger - INFO - Access token refreshed successfully. (api_client.py:136)
2026-03-22 21:46:38 - vectorpy_vectorpy.logger - INFO - Access token refreshed successfully. (api_client.py:136)
2026-03-22 22:00:39 - vectorpy_vectorpy.logger - INFO - Access token refreshed successfully. (api_client.py:136)
2026-03-22 22:14:40 - vectorpy_vectorpy.logger - INFO - Access token refreshed successfully. (api_client.py:136)
2026-03-22 22:28:41 - vectorpy_vectorpy.logger - INFO - Access token refreshed successfully. (api_client.py:136)
2026-03-22 22:42:42 - vectorpy_vectorpy.logger - INFO - Access token refreshed successfully. (api_client.py:136)
2026-03-22 22:56:43 - vectorpy_vectorpy.logger - INFO - Access token refreshed successfully. (api_client.py:136)
2026-03-22 23:10:44 - vectorpy_vectorpy.logger - INFO - Access token refreshed successfully. (api_client.py:136)
2026-03-22 23:24:45 - vectorpy_vectorpy.logger - INFO - Access token refreshed successfully. (api_client.py:136)
2026-03-22 23:38:46 - vectorpy_vectorpy.logger - INFO - Access token refreshed successfully. (api_client.py:136)
2026-03-22 23:52:47 - vectorpy_vectorpy.logger - INFO - Access token refreshed successfully. (api_client.py:136)
2026-03-23 00:06:48 - vectorpy_vectorpy.logger - INFO - Access token refreshed successfully. (api_client.py:136)
2026-03-23 00:20:49 - vectorpy_vectorpy.logger - INFO - Access token refreshed successfully. (api_client.py:136)
2026-03-23 00:34:50 - vectorpy_vectorpy.logger - INFO - Access token refreshed successfully. (api_client.py:136)
2026-03-23 00:48:50 - vectorpy_vectorpy.logger - INFO - Access token refreshed successfully. (api_client.py:136)
2026-03-23 01:02:51 - vectorpy_vectorpy.logger - INFO - Access token refreshed successfully. (api_client.py:136)
2026-03-23 01:16:52 - vectorpy_vectorpy.logger - INFO - Access token refreshed successfully. (api_client.py:136)
2026-03-23 01:30:53 - vectorpy_vectorpy.logger - INFO - Access token refreshed successfully. (api_client.py:136)
2026-03-23 01:44:54 - vectorpy_vectorpy.logger - INFO - Access token refreshed successfully. (api_client.py:136)
2026-03-23 01:58:55 - vectorpy_vectorpy.logger - INFO - Access token refreshed successfully. (api_client.py:136)
2026-03-23 02:12:56 - vectorpy_vectorpy.logger - INFO - Access token refreshed successfully. (api_client.py:136)
2026-03-23 02:26:57 - vectorpy_vectorpy.logger - ERROR - Failed to refresh access token: {
  "code" : "TOKEN_NOT_VALID",
  "hostName" : "599971a5abf3"
} (api_client.py:129)
2026-03-23 02:26:57 - vectorpy_vectorpy.logger - ERROR - Error refreshing access token (attempt 1/3): Token refresh failed (api_client.py:139)
2026-03-23 02:27:02 - vectorpy_vectorpy.logger - ERROR - Failed to refresh access token: {
  "code" : "TOKEN_NOT_VALID",
  "hostName" : "599971a5abf3"
} (api_client.py:129)
2026-03-23 02:27:02 - vectorpy_vectorpy.logger - ERROR - Error refreshing access token (attempt 2/3): Token refresh failed (api_client.py:139)
2026-03-23 02:27:08 - vectorpy_vectorpy.logger - ERROR - Failed to refresh access token: {
  "code" : "TOKEN_NOT_VALID",
  "hostName" : "599971a5abf3"
} (api_client.py:129)
2026-03-23 02:27:08 - vectorpy_vectorpy.logger - ERROR - Error refreshing access token (attempt 3/3): Token refresh failed (api_client.py:139)
2026-03-23 02:27:08 - vectorpy_vectorpy.logger - ERROR - Max retries reached. Could not refresh access token. (exceptions.py:8)
2026-03-23 02:27:08 - vectorpy_vectorpy.logger - ERROR - Error in token refresh loop: Max retries reached. Could not refresh access token. (exceptions.py:8)
