2025-09-25 16:40:03 - vectorpy_vectorpy.logger - INFO - Starting token refresh scheduler... (api_client.py:160)
2025-09-25 16:43:22 - vectorpy_vectorpy.logger - WARNING - The HTTP request failed with status code 409 with the following error: 409 Client Error:  for url: https://api.stage.vectoriousmed.com/tenant/v1/medications/Furosemide. Verify it is expected. (__requests_wrapper.py:63)
2025-09-25 16:45:05 - vectorpy_vectorpy.logger - WARNING - The HTTP request failed with status code 409 with the following error: 409 Client Error:  for url: https://api.stage.vectoriousmed.com/tenant/v1/medications/Furosemide. Verify it is expected. (__requests_wrapper.py:63)
2025-09-25 16:54:04 - vectorpy_vectorpy.logger - INFO - Access token refreshed successfully. (api_client.py:136)
2025-09-25 17:00:35 - vectorpy_vectorpy.logger - WARNING - The HTTP request failed with status code 404 with the following error: 404 Client Error:  for url: https://api.stage.vectoriousmed.com/tenant/v1/medications/Torsemide. Verify it is expected. (__requests_wrapper.py:63)
2025-09-25 17:08:05 - vectorpy_vectorpy.logger - INFO - Access token refreshed successfully. (api_client.py:136)
2025-09-25 17:08:10 - vectorpy_vectorpy.logger - WARNING - The HTTP request failed with status code 409 with the following error: 409 Client Error:  for url: https://api.stage.vectoriousmed.com/tenant/v1/medications/Hydrochlorothiazide%20. Verify it is expected. (__requests_wrapper.py:63)
2025-09-25 17:08:22 - vectorpy_vectorpy.logger - WARNING - The HTTP request failed with status code 409 with the following error: 409 Client Error:  for url: https://api.stage.vectoriousmed.com/tenant/v1/medications/Hydrochlorothiazide. Verify it is expected. (__requests_wrapper.py:63)
2025-09-25 17:08:56 - vectorpy_vectorpy.logger - WARNING - The HTTP request failed with status code 409 with the following error: 409 Client Error:  for url: https://api.stage.vectoriousmed.com/tenant/v1/medications/Hydrochlorothiazide%20. Verify it is expected. (__requests_wrapper.py:63)
2025-09-25 17:10:48 - vectorpy_vectorpy.logger - WARNING - The HTTP request failed with status code 409 with the following error: 409 Client Error:  for url: https://api.stage.vectoriousmed.com/tenant/v1/medications/Chlorothiazide%20. Verify it is expected. (__requests_wrapper.py:63)
2025-09-25 17:22:06 - vectorpy_vectorpy.logger - INFO - Access token refreshed successfully. (api_client.py:136)
2025-09-25 18:46:21 - vectorpy_vectorpy.logger - INFO - Access token refreshed successfully. (api_client.py:136)
2025-09-25 19:00:22 - vectorpy_vectorpy.logger - INFO - Access token refreshed successfully. (api_client.py:136)
2025-09-25 21:57:45 - vectorpy_vectorpy.logger - INFO - Access token refreshed successfully. (api_client.py:136)
2025-09-25 22:24:07 - vectorpy_vectorpy.logger - INFO - Access token refreshed successfully. (api_client.py:136)
2025-09-25 22:38:08 - vectorpy_vectorpy.logger - INFO - Access token refreshed successfully. (api_client.py:136)
2025-09-25 22:52:09 - vectorpy_vectorpy.logger - INFO - Access token refreshed successfully. (api_client.py:136)
2025-09-26 07:58:32 - vectorpy_vectorpy.logger - ERROR - Failed to refresh access token: {
  "code" : "TOKEN_NOT_VALID",
  "message" : "refresh token is not valid",
  "hostName" : "5ed0e4bdcd8a"
} (api_client.py:129)
2025-09-26 07:58:32 - vectorpy_vectorpy.logger - ERROR - Error refreshing access token (attempt 1/3): Token refresh failed (api_client.py:139)
2025-09-26 07:58:37 - vectorpy_vectorpy.logger - ERROR - Failed to refresh access token: {
  "code" : "TOKEN_NOT_VALID",
  "message" : "refresh token is not valid",
  "hostName" : "5ed0e4bdcd8a"
} (api_client.py:129)
2025-09-26 07:58:37 - vectorpy_vectorpy.logger - ERROR - Error refreshing access token (attempt 2/3): Token refresh failed (api_client.py:139)
2025-09-26 07:58:42 - vectorpy_vectorpy.logger - ERROR - Failed to refresh access token: {
  "code" : "TOKEN_NOT_VALID",
  "message" : "refresh token is not valid",
  "hostName" : "5ed0e4bdcd8a"
} (api_client.py:129)
2025-09-26 07:58:42 - vectorpy_vectorpy.logger - ERROR - Error refreshing access token (attempt 3/3): Token refresh failed (api_client.py:139)
2025-09-26 07:58:42 - vectorpy_vectorpy.logger - ERROR - Max retries reached. Could not refresh access token. (exceptions.py:8)
2025-09-26 07:58:42 - vectorpy_vectorpy.logger - ERROR - Error in token refresh loop: Max retries reached. Could not refresh access token. (exceptions.py:8)
